
          -------------------------------------------------------
          Amber 24 SANDER                              2024
          -------------------------------------------------------

| Run on 02/02/2026 at 16:09:33

|   Executable path: sander
| Working directory: /nas/longleaf/home/emainas/software/dcdftbmd.2.0/molecules/MEA/qmmd/systems/MEA/solv_5.0/mdequil
|          Hostname: nep15080302

  [-O]verwriting output

File Assignments:
|  MDIN: min.in                                                                
| MDOUT: min.out                                                               
|INPCRD: /nas/longleaf/home/emainas/software/dcdftbmd.2.0/molecules/MEA/qmmd/sy
|  PARM: /nas/longleaf/home/emainas/software/dcdftbmd.2.0/molecules/MEA/qmmd/sy
|RESTRT: min.rst7                                                              
|  REFC: refc                                                                  
| MDVEL: mdvel                                                                 
| MDFRC: mdfrc                                                                 
|  MDEN: mden                                                                  
| MDCRD: mdcrd                                                                 
|MDINFO: min.info                                                              
|  MTMD: mtmd                                                                  
|INPDIP: inpdip                                                                
|RSTDIP: rstdip                                                                
|INPTRA: inptraj                                                               


 Here is the input file:

Minimize                                                                       
&cntrl                                                                         
  imin=1,                                                                      
  maxcyc=500,                                                                  
  ncyc=200,                                                                    
  ntb=1,                                                                       
  cut=4.0,                                                                     
  ntr=0,                                                                       
  ntpr=100,                                                                    
/                                                                              

--------------------------------------------------------------------------------
   1.  RESOURCE   USE: 
--------------------------------------------------------------------------------

| Flags:                                                                        
 getting new box info from bottom of inpcrd
|  INFO: Old style inpcrd file read

| peek_ewald_inpcrd: Box info found
|Largest sphere to fit in unit cell has radius =     8.561
| New format PARM file being parsed.
| Version =    1.000 Date = 02/02/26 Time = 16:06:29
 NATOM  =     274 NTYPES =      10 NBONH =     269 MBONA  =       3
 NTHETH =      17 MTHETA =       2 NPHIH =      20 MPHIA  =       2
 NHPARM =       0 NPARM  =       0 NNB   =     402 NRES   =      89
 NBONA  =       3 NTHETA =       2 NPHIA =       2 NUMBND =       9
 NUMANG =      11 NPTRA  =       5 NATYP =      10 NPHB   =       0
 IFBOX  =       1 NMXRS  =      12 IFCAP =       0 NEXTRA =       0
 NCOPY  =       0


|     Memory Use     Allocated
|     Real              811397
|     Hollerith            913
|     Integer            27499
|     Max Pairs          19728
|     nblistReal          3288
|     nblist Int         67233
|       Total             6815 kbytes

| Note: 1-4 EEL scale factors are being read from the topology file.

| Note: 1-4 VDW scale factors are being read from the topology file.
| Duplicated    0 dihedrals
| Duplicated    0 dihedrals

     BOX TYPE: RECTILINEAR

--------------------------------------------------------------------------------
   2.  CONTROL  DATA  FOR  THE  RUN
--------------------------------------------------------------------------------

MEA                                                                             

General flags:
     imin    =       1, nmropt  =       0

Nature and format of input:
     ntx     =       1, irest   =       0, ntrx    =       1

Nature and format of output:
     ntxo    =       2, ntpr    =     100, ntrx    =       1, ntwr    =       1
     iwrap   =       0, ntwx    =       0, ntwv    =       0, ntwe    =       0
     ioutfm  =       1, ntwprt  =       0, idecomp =       0, rbornstat=      0

Potential function:
     ntf     =       1, ntb     =       1, igb     =       0, nsnb    =      25
     ipol    =       0, gbsa    =       0, iesp    =       0
     dielc   =   1.00000, cut     =   4.00000, intdiel =   1.00000

Frozen or restrained atoms:
     ibelly  =       0, ntr     =       0

Energy minimization:
     maxcyc  =     500, ncyc    =     200, ntmin   =       1
     dx0     =   0.01000, drms    =   0.00010

Ewald parameters:
     verbose =       0, ew_type =       0, nbflag  =       1, use_pme =       1
     vdwmeth =       1, eedmeth =       1, netfrc  =       0
     Box X =   20.642   Box Y =   17.769   Box Z =   17.122
     Alpha =   90.000   Beta  =   90.000   Gamma =   90.000
     NFFT1 =   20       NFFT2 =   18       NFFT3 =   18
     Cutoff=    4.000   Tol   =0.100E-04
     Ewald Coefficient =  0.72611
     Interpolation order =    4

--------------------------------------------------------------------------------
   3.  ATOMIC COORDINATES AND VELOCITIES
--------------------------------------------------------------------------------

MEA                                                                             
 begin time read from input coords =     0.000 ps

 Number of triangulated 3-point waters found:       87

     Sum of charges from parm topology file =   0.00100100
     Forcing neutrality...

--------------------------------------------------------------------------------
   4.  RESULTS
--------------------------------------------------------------------------------

 ---------------------------------------------------
 APPROXIMATING switch and d/dx switch using CUBIC SPLINE INTERPOLATION
 using   5000.0 points per unit in tabled values
 TESTING RELATIVE ERROR over r ranging from 0.0 to cutoff
| CHECK switch(x): max rel err =   0.2738E-14   at   2.422500
| CHECK d/dx switch(x): max rel err =   0.8987E-11   at   2.875760
 ---------------------------------------------------
| Local SIZE OF NONBOND LIST =       5838
| TOTAL SIZE OF NONBOND LIST =       5838


   NSTEP       ENERGY          RMS            GMAX         NAME    NUMBER
      1      -3.0724E+02     1.6688E+01     1.9107E+02     N           4

 BOND    =       24.6236  ANGLE   =      158.0388  DIHED      =        0.4690
 VDWAALS =       81.6809  EEL     =     -668.8080  HBOND      =        0.0000
 1-4 VDW =        0.6280  1-4 EEL =       96.1250  RESTRAINT  =        0.0000


   NSTEP       ENERGY          RMS            GMAX         NAME    NUMBER
    100      -7.2084E+02     1.2852E+00     5.5920E+00     HO          9

 BOND    =       32.4663  ANGLE   =        4.2921  DIHED      =        2.7043
 VDWAALS =       77.3907  EEL     =     -929.3835  HBOND      =        0.0000
 1-4 VDW =        0.0284  1-4 EEL =       91.6643  RESTRAINT  =        0.0000


   NSTEP       ENERGY          RMS            GMAX         NAME    NUMBER
    200      -7.8751E+02     1.3241E+00     5.1333E+00     H2        130

 BOND    =       42.1904  ANGLE   =        1.9002  DIHED      =        3.0089
 VDWAALS =      102.6468  EEL     =    -1028.1511  HBOND      =        0.0000
 1-4 VDW =       -0.0702  1-4 EEL =       90.9615  RESTRAINT  =        0.0000


   NSTEP       ENERGY          RMS            GMAX         NAME    NUMBER
    300      -9.1314E+02     2.8026E+00     3.0220E+01     C2          2

 BOND    =       55.0380  ANGLE   =        2.6999  DIHED      =        3.5587
 VDWAALS =      143.8464  EEL     =    -1208.8324  HBOND      =        0.0000
 1-4 VDW =       -0.1489  1-4 EEL =       90.7019  RESTRAINT  =        0.0000


   NSTEP       ENERGY          RMS            GMAX         NAME    NUMBER
    400      -9.5262E+02     1.9375E+00     2.1185E+01     H2        124

 BOND    =       57.3943  ANGLE   =        1.5518  DIHED      =        3.6065
 VDWAALS =      158.5287  EEL     =    -1263.6202  HBOND      =        0.0000
 1-4 VDW =       -0.1273  1-4 EEL =       90.0444  RESTRAINT  =        0.0000


   NSTEP       ENERGY          RMS            GMAX         NAME    NUMBER
    500      -9.8080E+02     9.5571E-01     6.0644E+00     HN2        11

 BOND    =       61.9202  ANGLE   =        1.9266  DIHED      =        3.3657
 VDWAALS =      173.7178  EEL     =    -1311.6398  HBOND      =        0.0000
 1-4 VDW =       -0.1472  1-4 EEL =       90.0554  RESTRAINT  =        0.0000


  Maximum number of minimization cycles reached.


                    FINAL RESULTS



   NSTEP       ENERGY          RMS            GMAX         NAME    NUMBER
    500      -9.8080E+02     9.5571E-01     6.0644E+00     HN2        11

 BOND    =       61.9202  ANGLE   =        1.9266  DIHED      =        3.3657
 VDWAALS =      173.7178  EEL     =    -1311.6398  HBOND      =        0.0000
 1-4 VDW =       -0.1472  1-4 EEL =       90.0554  RESTRAINT  =        0.0000

--------------------------------------------------------------------------------
   5.  TIMINGS
--------------------------------------------------------------------------------

|    Read coords time           0.00 ( 0.28% of Total)
|                Build the list             0.00 (30.47% of List )
|                Other                      0.00 (69.53% of List )
|             List time                  0.01 ( 3.59% of Nonbo)
|                   Short_ene time             0.04 (91.66% of Direc)
|                   Other                      0.00 ( 8.34% of Direc)
|                Direct Ewald time          0.04 (26.50% of Ewald)
|                Adjust Ewald time          0.00 ( 2.38% of Ewald)
|                Self Ewald time            0.00 ( 0.12% of Ewald)
|                   Fill Bspline coeffs        0.00 ( 3.82% of Recip)
|                   Fill charge grid           0.01 ( 8.97% of Recip)
|                   Scalar sum                 0.03 (25.42% of Recip)
|                   Grad sum                   0.01 (13.00% of Recip)
|                   FFT time                   0.05 (48.66% of Recip)
|                   Other                      0.00 ( 0.14% of Recip)
|                Recip Ewald time           0.11 (70.47% of Ewald)
|                Force Adjust               0.00 ( 0.02% of Ewald)
|                Virial junk                0.00 ( 0.21% of Ewald)
|                Start synchronizatio       0.00 ( 0.02% of Ewald)
|                Other                      0.00 ( 0.29% of Ewald)
|             Ewald time                 0.15 (96.33% of Nonbo)
|             IPS excludes               0.00 ( 0.01% of Nonbo)
|             Other                      0.00 ( 0.07% of Nonbo)
|          Nonbond force              0.16 (96.87% of Force)
|          Bond/Angle/Dihedral        0.00 ( 2.27% of Force)
|          Other                      0.00 ( 0.86% of Force)
|       Force time                 0.16 (100.0% of Runmd)
|    Runmd Time                 0.16 (19.04% of Total)
|    Other                      0.69 (80.68% of Total)
| Total time                 0.85 (99.75% of ALL  )

| Number of list builds   :          5

| Highest rstack allocated:      24384
| Highest istack allocated:        274
|           Job began  at 16:09:33.869  on 02/02/2026
|           Setup done at 16:09:33.905  on 02/02/2026
|           Run   done at 16:09:34.725  on 02/02/2026
|     wallclock() was called   19058 times

|3D-RISM memory allocation summary
|Type          Maximum        Current   
|Integer       0.00000 GB     0.00000 GB
|Real          0.00000 GB     0.00000 GB
|Logical       0.00000 GB     0.00000 GB
|Character     0.00000 GB     0.00000 GB
|---------------------------------------
|Total         0.00000 GB     0.00000 GB
