
          -------------------------------------------------------
          Amber 24 SANDER                              2024
          -------------------------------------------------------

| Run on 02/02/2026 at 15:46:56

|   Executable path: sander
| Working directory: /nas/longleaf/home/emainas/software/dcdftbmd.2.0/molecules/MEA/qmmd/systems/MEA/solv_4.0/mdequil
|          Hostname: nep15080303

  [-O]verwriting output

File Assignments:
|  MDIN: min.in                                                                
| MDOUT: min.out                                                               
|INPCRD: /nas/longleaf/home/emainas/software/dcdftbmd.2.0/molecules/MEA/qmmd/sy
|  PARM: /nas/longleaf/home/emainas/software/dcdftbmd.2.0/molecules/MEA/qmmd/sy
|RESTRT: min.rst7                                                              
|  REFC: refc                                                                  
| MDVEL: mdvel                                                                 
| MDFRC: mdfrc                                                                 
|  MDEN: mden                                                                  
| MDCRD: mdcrd                                                                 
|MDINFO: min.info                                                              
|  MTMD: mtmd                                                                  
|INPDIP: inpdip                                                                
|RSTDIP: rstdip                                                                
|INPTRA: inptraj                                                               


 Here is the input file:

Minimize                                                                       
&cntrl                                                                         
  imin=1,                                                                      
  maxcyc=500,                                                                  
  ncyc=200,                                                                    
  ntb=1,                                                                       
  cut=4.0,                                                                     
  ntr=0,                                                                       
  ntpr=100,                                                                    
/                                                                              

--------------------------------------------------------------------------------
   1.  RESOURCE   USE: 
--------------------------------------------------------------------------------

| Flags:                                                                        
 getting new box info from bottom of inpcrd
|  INFO: Old style inpcrd file read

| peek_ewald_inpcrd: Box info found
|Largest sphere to fit in unit cell has radius =     7.389
| New format PARM file being parsed.
| Version =    1.000 Date = 02/02/26 Time = 12:22:33
 NATOM  =     160 NTYPES =      10 NBONH =     155 MBONA  =       3
 NTHETH =      17 MTHETA =       2 NPHIH =      20 MPHIA  =       2
 NHPARM =       0 NPARM  =       0 NNB   =     250 NRES   =      51
 NBONA  =       3 NTHETA =       2 NPHIA =       2 NUMBND =       9
 NUMANG =      11 NPTRA  =       5 NATYP =      10 NPHB   =       0
 IFBOX  =       1 NMXRS  =      12 IFCAP =       0 NEXTRA =       0
 NCOPY  =       0


|     Memory Use     Allocated
|     Real              802473
|     Hollerith            533
|     Integer            24915
|     Max Pairs          11520
|     nblistReal          1920
|     nblist Int         45741
|       Total             6607 kbytes

| Note: 1-4 EEL scale factors are being read from the topology file.

| Note: 1-4 VDW scale factors are being read from the topology file.
| Duplicated    0 dihedrals
| Duplicated    0 dihedrals

     BOX TYPE: RECTILINEAR

--------------------------------------------------------------------------------
   2.  CONTROL  DATA  FOR  THE  RUN
--------------------------------------------------------------------------------

MEA                                                                             

General flags:
     imin    =       1, nmropt  =       0

Nature and format of input:
     ntx     =       1, irest   =       0, ntrx    =       1

Nature and format of output:
     ntxo    =       2, ntpr    =     100, ntrx    =       1, ntwr    =       1
     iwrap   =       0, ntwx    =       0, ntwv    =       0, ntwe    =       0
     ioutfm  =       1, ntwprt  =       0, idecomp =       0, rbornstat=      0

Potential function:
     ntf     =       1, ntb     =       1, igb     =       0, nsnb    =      25
     ipol    =       0, gbsa    =       0, iesp    =       0
     dielc   =   1.00000, cut     =   4.00000, intdiel =   1.00000

Frozen or restrained atoms:
     ibelly  =       0, ntr     =       0

Energy minimization:
     maxcyc  =     500, ncyc    =     200, ntmin   =       1
     dx0     =   0.01000, drms    =   0.00010

Ewald parameters:
     verbose =       0, ew_type =       0, nbflag  =       1, use_pme =       1
     vdwmeth =       1, eedmeth =       1, netfrc  =       0
     Box X =   18.243   Box Y =   15.121   Box Z =   14.778
     Alpha =   90.000   Beta  =   90.000   Gamma =   90.000
     NFFT1 =   18       NFFT2 =   15       NFFT3 =   15
     Cutoff=    4.000   Tol   =0.100E-04
     Ewald Coefficient =  0.72611
     Interpolation order =    4

--------------------------------------------------------------------------------
   3.  ATOMIC COORDINATES AND VELOCITIES
--------------------------------------------------------------------------------

MEA                                                                             
 begin time read from input coords =     0.000 ps

 Number of triangulated 3-point waters found:       49

     Sum of charges from parm topology file =   0.00100100
     Forcing neutrality...

--------------------------------------------------------------------------------
   4.  RESULTS
--------------------------------------------------------------------------------

 ---------------------------------------------------
 APPROXIMATING switch and d/dx switch using CUBIC SPLINE INTERPOLATION
 using   5000.0 points per unit in tabled values
 TESTING RELATIVE ERROR over r ranging from 0.0 to cutoff
| CHECK switch(x): max rel err =   0.2738E-14   at   2.422500
| CHECK d/dx switch(x): max rel err =   0.8987E-11   at   2.875760
 ---------------------------------------------------
| Local SIZE OF NONBOND LIST =       2854
| TOTAL SIZE OF NONBOND LIST =       2854


   NSTEP       ENERGY          RMS            GMAX         NAME    NUMBER
      1      -5.9913E+01     1.9818E+01     1.9212E+02     N           4

 BOND    =       24.6218  ANGLE   =      158.0388  DIHED      =        0.4690
 VDWAALS =       40.3239  EEL     =     -380.1185  HBOND      =        0.0000
 1-4 VDW =        0.6280  1-4 EEL =       96.1237  RESTRAINT  =        0.0000


   NSTEP       ENERGY          RMS            GMAX         NAME    NUMBER
    100      -4.0254E+02     2.2064E+00     8.1485E+00     H1         57

 BOND    =       15.4624  ANGLE   =        5.0270  DIHED      =        2.7046
 VDWAALS =       39.5822  EEL     =     -556.3654  HBOND      =        0.0000
 1-4 VDW =       -0.0220  1-4 EEL =       91.0691  RESTRAINT  =        0.0000


   NSTEP       ENERGY          RMS            GMAX         NAME    NUMBER
    200      -4.4375E+02     2.7942E+00     1.2039E+01     H1         57

 BOND    =       23.1694  ANGLE   =        3.0511  DIHED      =        2.8193
 VDWAALS =       52.2330  EEL     =     -615.5299  HBOND      =        0.0000
 1-4 VDW =       -0.1005  1-4 EEL =       90.6040  RESTRAINT  =        0.0000


   NSTEP       ENERGY          RMS            GMAX         NAME    NUMBER
    300      -5.1684E+02     1.7704E+00     1.1541E+01     HO          9

 BOND    =       27.8778  ANGLE   =        0.9345  DIHED      =        3.7226
 VDWAALS =       79.7372  EEL     =     -720.4926  HBOND      =        0.0000
 1-4 VDW =       -0.0044  1-4 EEL =       91.3820  RESTRAINT  =        0.0000


   NSTEP       ENERGY          RMS            GMAX         NAME    NUMBER
    400      -5.4841E+02     1.3843E+00     9.0563E+00     N           4

 BOND    =       30.5078  ANGLE   =        0.8244  DIHED      =        4.0477
 VDWAALS =       94.4710  EEL     =     -769.1219  HBOND      =        0.0000
 1-4 VDW =       -0.0446  1-4 EEL =       90.9024  RESTRAINT  =        0.0000


   NSTEP       ENERGY          RMS            GMAX         NAME    NUMBER
    500      -5.6506E+02     1.3708E+00     7.2094E+00     O           3

 BOND    =       32.3826  ANGLE   =        1.3061  DIHED      =        3.9648
 VDWAALS =      105.2185  EEL     =     -798.3733  HBOND      =        0.0000
 1-4 VDW =       -0.0756  1-4 EEL =       90.5160  RESTRAINT  =        0.0000


  Maximum number of minimization cycles reached.


                    FINAL RESULTS



   NSTEP       ENERGY          RMS            GMAX         NAME    NUMBER
    500      -5.6506E+02     1.3708E+00     7.2094E+00     O           3

 BOND    =       32.3826  ANGLE   =        1.3061  DIHED      =        3.9648
 VDWAALS =      105.2185  EEL     =     -798.3733  HBOND      =        0.0000
 1-4 VDW =       -0.0756  1-4 EEL =       90.5160  RESTRAINT  =        0.0000

--------------------------------------------------------------------------------
   5.  TIMINGS
--------------------------------------------------------------------------------

|    Read coords time           0.00 ( 0.24% of Total)
|                Build the list             0.00 (16.94% of List )
|                Other                      0.00 (83.06% of List )
|             List time                  0.00 ( 5.02% of Nonbo)
|                   Short_ene time             0.02 (90.98% of Direc)
|                   Other                      0.00 ( 9.02% of Direc)
|                Direct Ewald time          0.02 (23.97% of Ewald)
|                Adjust Ewald time          0.00 ( 2.76% of Ewald)
|                Self Ewald time            0.00 ( 0.20% of Ewald)
|                   Fill Bspline coeffs        0.00 ( 3.64% of Recip)
|                   Fill charge grid           0.01 ( 8.75% of Recip)
|                   Scalar sum                 0.02 (27.63% of Recip)
|                   Grad sum                   0.01 (13.04% of Recip)
|                   FFT time                   0.03 (46.71% of Recip)
|                   Other                      0.00 ( 0.22% of Recip)
|                Recip Ewald time           0.06 (72.31% of Ewald)
|                Force Adjust               0.00 ( 0.03% of Ewald)
|                Virial junk                0.00 ( 0.27% of Ewald)
|                Start synchronizatio       0.00 ( 0.04% of Ewald)
|                Other                      0.00 ( 0.42% of Ewald)
|             Ewald time                 0.09 (94.87% of Nonbo)
|             IPS excludes               0.00 ( 0.02% of Nonbo)
|             Other                      0.00 ( 0.09% of Nonbo)
|          Nonbond force              0.09 (95.72% of Force)
|          Bond/Angle/Dihedral        0.00 ( 2.94% of Force)
|          Other                      0.00 ( 1.34% of Force)
|       Force time                 0.10 (100.0% of Runmd)
|    Runmd Time                 0.10 (12.12% of Total)
|    Other                      0.69 (87.64% of Total)
| Total time                 0.79 (99.66% of ALL  )

| Number of list builds   :          4

| Highest rstack allocated:      21783
| Highest istack allocated:        160
|           Job began  at 15:46:56.171  on 02/02/2026
|           Setup done at 15:46:56.205  on 02/02/2026
|           Run   done at 15:46:56.959  on 02/02/2026
|     wallclock() was called   19056 times

|3D-RISM memory allocation summary
|Type          Maximum        Current   
|Integer       0.00000 GB     0.00000 GB
|Real          0.00000 GB     0.00000 GB
|Logical       0.00000 GB     0.00000 GB
|Character     0.00000 GB     0.00000 GB
|---------------------------------------
|Total         0.00000 GB     0.00000 GB
