-I: Adding /nas/sycamore/apps/amber/24/dat/leap/prep to search path.
-I: Adding /nas/sycamore/apps/amber/24/dat/leap/lib to search path.
-I: Adding /nas/sycamore/apps/amber/24/dat/leap/parm to search path.
-I: Adding /nas/sycamore/apps/amber/24/dat/leap/cmd to search path.
-f: Source tleap.in.

Welcome to LEaP!
(no leaprc in search path)
Sourcing: ./tleap.in
----- Source: /nas/sycamore/apps/amber/24/dat/leap/cmd/leaprc.gaff2
----- Source of /nas/sycamore/apps/amber/24/dat/leap/cmd/leaprc.gaff2 done
Log file: ./leap.log
Loading parameters: /nas/sycamore/apps/amber/24/dat/leap/parm/gaff2.dat
Reading title:
AMBER General Force Field for organic molecules (Version 2.2.20, March 2021)
----- Source: /nas/sycamore/apps/amber/24/dat/leap/cmd/leaprc.water.tip3p
----- Source of /nas/sycamore/apps/amber/24/dat/leap/cmd/leaprc.water.tip3p done
Loading library: /nas/sycamore/apps/amber/24/dat/leap/lib/atomic_ions.lib
Loading library: /nas/sycamore/apps/amber/24/dat/leap/lib/solvents.lib
Loading parameters: /nas/sycamore/apps/amber/24/dat/leap/parm/frcmod.tip3p
Reading force field modification type file (frcmod)
Reading title:
This is the additional/replacement parameter set for TIP3P water
Loading parameters: /nas/sycamore/apps/amber/24/dat/leap/parm/frcmod.ions1lm_126_tip3p
Reading force field modification type file (frcmod)
Reading title:
Li/Merz ion parameters of monovalent ions for TIP3P water model (12-6 normal usage set)
Loading parameters: /nas/sycamore/apps/amber/24/dat/leap/parm/frcmod.ionsjc_tip3p
Reading force field modification type file (frcmod)
Reading title:
Monovalent ion parameters for Ewald and TIP3P water from Joung & Cheatham JPCB (2008)
Loading parameters: /nas/sycamore/apps/amber/24/dat/leap/parm/frcmod.ions234lm_126_tip3p
Reading force field modification type file (frcmod)
Reading title:
Li/Merz ion parameters of divalent to tetravalent ions for TIP3P water model (12-6 normal usage set)
Loading parameters: /nas/sycamore/apps/amber/24/dat/leap/parm/frcmod.ionsjc_tip3p
Reading force field modification type file (frcmod)
Reading title:
Monovalent ion parameters for Ewald and TIP3P water from Joung & Cheatham JPCB (2008)
Loading parameters: ./mea.frcmod
Reading force field modification type file (frcmod)
Reading title:
Remark line goes here
Loading Mol2 file: ./mea.mol2
Reading MOLECULE named MEA
  Solute vdw bounding box:              7.244 4.981 4.519
  Total bounding box for atom centers:  17.244 14.981 14.519
  Solvent unit box:                     18.774 18.774 18.774
  Total vdw box size:                   20.642 17.769 17.122 angstroms.
  Volume: 6280.291 A^3 
  Total mass 1647.502 amu,  Density 0.436 g/cc
  Added 88 residues.
Adding 1 counter ions to "sys" using 1A grid
Grid extends from solute vdw + 2.51  to  8.42
Resolution:      1.00 Angstrom.
Solvent present: replacing closest with ion
	 when steric overlaps occur
Calculating grid charges
(Replacing solvent molecule)
Placed Cl- in sys at (0.37, 3.92, 0.34).

Done adding ions.
Checking Unit.
Building topology.
Building atom parameters.
Building bond parameters.
Building angle parameters.
Building proper torsion parameters.
Building improper torsion parameters.
 total 0 improper torsions applied
Building H-Bond parameters.
Incorporating Non-Bonded adjustments.
Not Marking per-residue atom chain types.
Marking per-residue atom chain types.
  (Residues lacking connect0/connect1 - 
   these don't have chain types marked:

	res	total affected

	MEA	1
	WAT	87
  )
 (no restraints)
	Quit

Exiting LEaP: Errors = 0; Warnings = 0; Notes = 0.
