
          -------------------------------------------------------
          Amber 24 SANDER                              2024
          -------------------------------------------------------

| Run on 02/02/2026 at 16:16:04

|   Executable path: sander
| Working directory: /nas/longleaf/home/emainas/software/dcdftbmd.2.0/molecules/MEA/qmmd/systems/MEA/solv_5.5/mdequil
|          Hostname: nep15080302

  [-O]verwriting output

File Assignments:
|  MDIN: min.in                                                                
| MDOUT: min.out                                                               
|INPCRD: /nas/longleaf/home/emainas/software/dcdftbmd.2.0/molecules/MEA/qmmd/sy
|  PARM: /nas/longleaf/home/emainas/software/dcdftbmd.2.0/molecules/MEA/qmmd/sy
|RESTRT: min.rst7                                                              
|  REFC: refc                                                                  
| MDVEL: mdvel                                                                 
| MDFRC: mdfrc                                                                 
|  MDEN: mden                                                                  
| MDCRD: mdcrd                                                                 
|MDINFO: min.info                                                              
|  MTMD: mtmd                                                                  
|INPDIP: inpdip                                                                
|RSTDIP: rstdip                                                                
|INPTRA: inptraj                                                               


 Here is the input file:

Minimize                                                                       
&cntrl                                                                         
  imin=1,                                                                      
  maxcyc=500,                                                                  
  ncyc=200,                                                                    
  ntb=1,                                                                       
  cut=5.0,                                                                     
  ntr=0,                                                                       
  ntpr=100,                                                                    
/                                                                              

--------------------------------------------------------------------------------
   1.  RESOURCE   USE: 
--------------------------------------------------------------------------------

| Flags:                                                                        
 getting new box info from bottom of inpcrd
|  INFO: Old style inpcrd file read

| peek_ewald_inpcrd: Box info found
|Largest sphere to fit in unit cell has radius =     9.338
| New format PARM file being parsed.
| Version =    1.000 Date = 02/02/26 Time = 16:15:27
 NATOM  =     358 NTYPES =      10 NBONH =     353 MBONA  =       3
 NTHETH =      17 MTHETA =       2 NPHIH =      20 MPHIA  =       2
 NHPARM =       0 NPARM  =       0 NNB   =     514 NRES   =     117
 NBONA  =       3 NTHETA =       2 NPHIA =       2 NUMBND =       9
 NUMANG =      11 NPTRA  =       5 NATYP =      10 NPHB   =       0
 IFBOX  =       1 NMXRS  =      12 IFCAP =       0 NEXTRA =       0
 NCOPY  =       0


|     Memory Use     Allocated
|     Real              816851
|     Hollerith           1193
|     Integer            29403
|     Max Pairs          40931
|     nblistReal          4296
|     nblist Int         56984
|       Total             6917 kbytes

| Note: 1-4 EEL scale factors are being read from the topology file.

| Note: 1-4 VDW scale factors are being read from the topology file.
| Duplicated    0 dihedrals
| Duplicated    0 dihedrals

     BOX TYPE: RECTILINEAR

--------------------------------------------------------------------------------
   2.  CONTROL  DATA  FOR  THE  RUN
--------------------------------------------------------------------------------

MEA                                                                             

General flags:
     imin    =       1, nmropt  =       0

Nature and format of input:
     ntx     =       1, irest   =       0, ntrx    =       1

Nature and format of output:
     ntxo    =       2, ntpr    =     100, ntrx    =       1, ntwr    =       1
     iwrap   =       0, ntwx    =       0, ntwv    =       0, ntwe    =       0
     ioutfm  =       1, ntwprt  =       0, idecomp =       0, rbornstat=      0

Potential function:
     ntf     =       1, ntb     =       1, igb     =       0, nsnb    =      25
     ipol    =       0, gbsa    =       0, iesp    =       0
     dielc   =   1.00000, cut     =   5.00000, intdiel =   1.00000

Frozen or restrained atoms:
     ibelly  =       0, ntr     =       0

Energy minimization:
     maxcyc  =     500, ncyc    =     200, ntmin   =       1
     dx0     =   0.01000, drms    =   0.00010

Ewald parameters:
     verbose =       0, ew_type =       0, nbflag  =       1, use_pme =       1
     vdwmeth =       1, eedmeth =       1, netfrc  =       0
     Box X =   20.772   Box Y =   19.022   Box Z =   18.677
     Alpha =   90.000   Beta  =   90.000   Gamma =   90.000
     NFFT1 =   20       NFFT2 =   20       NFFT3 =   18
     Cutoff=    5.000   Tol   =0.100E-04
     Ewald Coefficient =  0.57355
     Interpolation order =    4

--------------------------------------------------------------------------------
   3.  ATOMIC COORDINATES AND VELOCITIES
--------------------------------------------------------------------------------

MEA                                                                             
 begin time read from input coords =     0.000 ps

 Number of triangulated 3-point waters found:      115

     Sum of charges from parm topology file =   0.00100100
     Forcing neutrality...

--------------------------------------------------------------------------------
   4.  RESULTS
--------------------------------------------------------------------------------

 ---------------------------------------------------
 APPROXIMATING switch and d/dx switch using CUBIC SPLINE INTERPOLATION
 using   5000.0 points per unit in tabled values
 TESTING RELATIVE ERROR over r ranging from 0.0 to cutoff
| CHECK switch(x): max rel err =   0.2738E-14   at   2.422500
| CHECK d/dx switch(x): max rel err =   0.8719E-11   at   2.851960
 ---------------------------------------------------
| Local SIZE OF NONBOND LIST =      13353
| TOTAL SIZE OF NONBOND LIST =      13353


   NSTEP       ENERGY          RMS            GMAX         NAME    NUMBER
      1      -5.3349E+02     1.5668E+01     1.9317E+02     N           4

 BOND    =       24.6250  ANGLE   =      158.0388  DIHED      =        0.4690
 VDWAALS =      106.8730  EEL     =     -920.2523  HBOND      =        0.0000
 1-4 VDW =        0.6280  1-4 EEL =       96.1254  RESTRAINT  =        0.0000


   NSTEP       ENERGY          RMS            GMAX         NAME    NUMBER
    100      -9.9691E+02     1.0934E+00     4.8263E+00     HO          9

 BOND    =       51.1108  ANGLE   =        5.1674  DIHED      =        2.7129
 VDWAALS =      111.7500  EEL     =    -1258.8778  HBOND      =        0.0000
 1-4 VDW =       -0.0233  1-4 EEL =       91.2479  RESTRAINT  =        0.0000


   NSTEP       ENERGY          RMS            GMAX         NAME    NUMBER
    200      -1.0575E+03     1.9111E+00     1.0382E+01     H1         75

 BOND    =       53.7563  ANGLE   =        3.0856  DIHED      =        2.8094
 VDWAALS =      140.3709  EEL     =    -1347.8638  HBOND      =        0.0000
 1-4 VDW =       -0.1059  1-4 EEL =       90.4974  RESTRAINT  =        0.0000


   NSTEP       ENERGY          RMS            GMAX         NAME    NUMBER
    300      -1.1922E+03     1.7550E+00     1.2425E+01     N           4

 BOND    =       79.7140  ANGLE   =        2.7798  DIHED      =        4.3153
 VDWAALS =      222.0498  EEL     =    -1591.6303  HBOND      =        0.0000
 1-4 VDW =       -0.1428  1-4 EEL =       90.7223  RESTRAINT  =        0.0000


   NSTEP       ENERGY          RMS            GMAX         NAME    NUMBER
    400      -1.2450E+03     1.4465E+00     1.3474E+01     C1          1

 BOND    =       85.2137  ANGLE   =        2.7345  DIHED      =        4.1426
 VDWAALS =      252.6456  EEL     =    -1680.5962  HBOND      =        0.0000
 1-4 VDW =       -0.1127  1-4 EEL =       90.9369  RESTRAINT  =        0.0000


   NSTEP       ENERGY          RMS            GMAX         NAME    NUMBER
    500      -1.2848E+03     8.8991E-01     7.7369E+00     C1          1

 BOND    =       88.6817  ANGLE   =        2.0430  DIHED      =        4.0513
 VDWAALS =      268.2570  EEL     =    -1738.4947  HBOND      =        0.0000
 1-4 VDW =       -0.1175  1-4 EEL =       90.7449  RESTRAINT  =        0.0000


  Maximum number of minimization cycles reached.


                    FINAL RESULTS



   NSTEP       ENERGY          RMS            GMAX         NAME    NUMBER
    500      -1.2848E+03     8.8991E-01     7.7369E+00     C1          1

 BOND    =       88.6817  ANGLE   =        2.0430  DIHED      =        4.0513
 VDWAALS =      268.2570  EEL     =    -1738.4947  HBOND      =        0.0000
 1-4 VDW =       -0.1175  1-4 EEL =       90.7449  RESTRAINT  =        0.0000

--------------------------------------------------------------------------------
   5.  TIMINGS
--------------------------------------------------------------------------------

|    Read coords time           0.00 ( 0.21% of Total)
|                Build the list             0.00 (35.99% of List )
|                Other                      0.00 (64.01% of List )
|             List time                  0.01 ( 2.86% of Nonbo)
|                   Short_ene time             0.08 (94.77% of Direc)
|                   Other                      0.00 ( 5.23% of Direc)
|                Direct Ewald time          0.08 (40.30% of Ewald)
|                Adjust Ewald time          0.00 ( 1.94% of Ewald)
|                Self Ewald time            0.00 ( 0.09% of Ewald)
|                   Fill Bspline coeffs        0.01 ( 4.44% of Recip)
|                   Fill charge grid           0.01 (10.50% of Recip)
|                   Scalar sum                 0.03 (25.32% of Recip)
|                   Grad sum                   0.02 (15.45% of Recip)
|                   FFT time                   0.05 (44.14% of Recip)
|                   Other                      0.00 ( 0.14% of Recip)
|                Recip Ewald time           0.12 (57.20% of Ewald)
|                Force Adjust               0.00 ( 0.01% of Ewald)
|                Virial junk                0.00 ( 0.23% of Ewald)
|                Start synchronizatio       0.00 ( 0.02% of Ewald)
|                Other                      0.00 ( 0.21% of Ewald)
|             Ewald time                 0.21 (97.08% of Nonbo)
|             IPS excludes               0.00 ( 0.01% of Nonbo)
|             Other                      0.00 ( 0.05% of Nonbo)
|          Nonbond force              0.21 (97.88% of Force)
|          Bond/Angle/Dihedral        0.00 ( 1.94% of Force)
|          Other                      0.00 ( 0.18% of Force)
|       Force time                 0.22 (100.0% of Runmd)
|    Runmd Time                 0.22 (25.73% of Total)
|    Other                      0.63 (74.06% of Total)
| Total time                 0.85 (100.0% of ALL  )

| Number of list builds   :          4

| Highest rstack allocated:      28432
| Highest istack allocated:        358
|           Job began  at 16:16:04.222  on 02/02/2026
|           Setup done at 16:16:04.232  on 02/02/2026
|           Run   done at 16:16:05.074  on 02/02/2026
|     wallclock() was called   19056 times

|3D-RISM memory allocation summary
|Type          Maximum        Current   
|Integer       0.00000 GB     0.00000 GB
|Real          0.00000 GB     0.00000 GB
|Logical       0.00000 GB     0.00000 GB
|Character     0.00000 GB     0.00000 GB
|---------------------------------------
|Total         0.00000 GB     0.00000 GB
